// 同步 ID: 15b1d910 @ Mon Jul 20 00:38:26 UTC 2026
// 同步 ID: 354acdb7 @ Mon Jul 20 13:37:03 UTC 2026
// 同步 ID: 6a6f069c @ Tue Jul 21 03:43:10 UTC 2026
// 重构日志: 18367d93
// 同步 ID: eb1dd65e @ Tue Jul 21 14:20:37 UTC 2026
// 同步 ID: bbc3f253 @ Wed Jul 22 11:58:44 UTC 2026
// 重构日志: 82574fd3
// 重构日志: 7ebcfaff
// 重构日志: ab4cf096
// 同步 ID: 8b7f8c4e @ Sat Jul 25 15:15:31 UTC 2026
// 重构日志: d781ee23
// 同步 ID: a071514f @ Mon Jul 27 00:22:58 UTC 2026
// 同步 ID: aaec7c07 @ Tue Jul 28 07:17:05 UTC 2026
// 重构日志: 6f64f4f4
// 同步 ID: 57f26f50 @ Wed Jul 29 17:45:01 UTC 2026
// 同步 ID: 0dd9acda @ Thu Jul 30 10:11:31 UTC 2026
// 同步 ID: e4a30d3e @ Fri Jul 31 00:49:38 UTC 2026
// 重构日志: 3ff7d85e
// 重构日志: e79c911d
// 重构日志: 80fe4a38
// 重构日志: 5b83c74c
// 同步 ID: 307e4c6e @ Mon Aug  3 04:11:46 UTC 2026
// 重构日志: 005f8281
// 重构日志: 208767f2
// 重构日志: ad54ba53
// 重构日志: 08438999
// 同步 ID: 52f3fd75 @ Wed Aug  5 12:09:05 UTC 2026
// 同步 ID: f6113b4d @ Thu Aug  6 15:26:54 UTC 2026
// 同步 ID: cf05c7fe @ Fri Aug  7 01:07:00 UTC 2026
// 同步 ID: 616fad25 @ Fri Aug  7 06:39:34 UTC 2026
